[    1039ms] [ERROR] Failed to load resource: the server responded with a status of 404 (Not Found) @ http://localhost:3000/favicon.ico:0
[    3326ms] [ERROR] Failed to load resource: net::ERR_CONNECTION_REFUSED @ http://localhost:8000/api/communes:0
[    3352ms] [ERROR] Failed to load resource: net::ERR_CONNECTION_REFUSED @ http://localhost:8000/api/stats/overview?time_range=today:0
[    3352ms] [ERROR] Failed to load resource: net::ERR_CONNECTION_REFUSED @ http://localhost:8000/api/stats/channels?time_range=today:0
[    3352ms] [ERROR] Failed to load resource: net::ERR_CONNECTION_REFUSED @ http://localhost:8000/api/stats/ethnics:0
[    3353ms] [ERROR] Failed to load resource: net::ERR_CONNECTION_REFUSED @ http://localhost:8000/api/stats/activities?limit=10:0
[    3353ms] [ERROR] Failed to load resource: net::ERR_CONNECTION_REFUSED @ http://localhost:8000/api/predictions/latest:0
[   10722ms] [ERROR] Failed to load resource: net::ERR_CONNECTION_REFUSED @ http://localhost:8000/api/stats/overview?time_range=today:0
[   10722ms] [ERROR] Failed to load resource: net::ERR_CONNECTION_REFUSED @ http://localhost:8000/api/stats/channels?time_range=today:0
[   10722ms] [ERROR] Failed to load resource: net::ERR_CONNECTION_REFUSED @ http://localhost:8000/api/stats/activities?limit=10:0
[   15677ms] [ERROR] Failed to load resource: net::ERR_CONNECTION_REFUSED @ http://localhost:8000/api/communes:0
[   15708ms] [ERROR] Failed to load resource: net::ERR_CONNECTION_REFUSED @ http://localhost:8000/api/stats/ethnics:0
[   15708ms] [ERROR] Failed to load resource: net::ERR_CONNECTION_REFUSED @ http://localhost:8000/api/predictions/latest:0
[   23074ms] [ERROR] Failed to load resource: net::ERR_CONNECTION_REFUSED @ http://localhost:8000/api/stats/overview?time_range=today:0
[   23074ms] [ERROR] Failed to load resource: net::ERR_CONNECTION_REFUSED @ http://localhost:8000/api/stats/activities?limit=10:0
[   28038ms] [ERROR] Failed to load resource: net::ERR_CONNECTION_REFUSED @ http://localhost:8000/api/communes:0
[   33065ms] [ERROR] Failed to load resource: net::ERR_CONNECTION_REFUSED @ http://localhost:8000/api/stats/ethnics:0
[   38079ms] [ERROR] Failed to load resource: net::ERR_CONNECTION_REFUSED @ http://localhost:8000/api/stats/channels?time_range=today:0
[   43067ms] [ERROR] Failed to load resource: net::ERR_CONNECTION_REFUSED @ http://localhost:8000/api/predictions/latest:0
[   58052ms] [ERROR] Failed to load resource: net::ERR_EMPTY_RESPONSE @ http://localhost:8000/api/communes:0
[   58081ms] [ERROR] Failed to load resource: net::ERR_EMPTY_RESPONSE @ http://localhost:8000/api/stats/overview?time_range=today:0
[   65446ms] [ERROR] Failed to load resource: net::ERR_CONNECTION_REFUSED @ http://localhost:8000/api/stats/activities?limit=10:0
[   85839ms] [ERROR] Failed to load resource: the server responded with a status of 400 () @ https://leduhikvtjpzjcqjlfin.supabase.co/auth/v1/token?grant_type=password:0
[   94333ms] [ERROR] Failed to load resource: net::ERR_CONNECTION_REFUSED @ http://localhost:8000/api/communes:0
[   94336ms] [ERROR] Failed to load resource: net::ERR_CONNECTION_REFUSED @ http://localhost:8000/api/documents:0
[   94336ms] [ERROR] Failed to load resource: net::ERR_CONNECTION_REFUSED @ http://localhost:8000/api/stats/overview?time_range=today:0
[   94336ms] [ERROR] Failed to load resource: net::ERR_CONNECTION_REFUSED @ http://localhost:8000/api/stats/channels?time_range=today:0
[   94336ms] [ERROR] Failed to load resource: net::ERR_CONNECTION_REFUSED @ http://localhost:8000/api/stats/ethnics:0
[   94336ms] [ERROR] Failed to load resource: net::ERR_CONNECTION_REFUSED @ http://localhost:8000/api/stats/activities?limit=10:0
[   96687ms] [ERROR] Failed to load resource: net::ERR_CONNECTION_REFUSED @ http://localhost:8000/api/predictions/latest:0
[   96687ms] [ERROR] Failed to load resource: net::ERR_CONNECTION_REFUSED @ http://localhost:8000/api/notifications:0
[  101697ms] [ERROR] Failed to load resource: net::ERR_CONNECTION_REFUSED @ http://localhost:8000/api/communes:0
[  101702ms] [ERROR] Failed to load resource: net::ERR_CONNECTION_REFUSED @ http://localhost:8000/api/stats/channels?time_range=today:0
[  101702ms] [ERROR] Failed to load resource: net::ERR_CONNECTION_REFUSED @ http://localhost:8000/api/stats/ethnics:0
[  101957ms] [ERROR] Failed to load resource: net::ERR_CONNECTION_REFUSED @ http://localhost:8000/api/predictions/latest:0
[  106688ms] [ERROR] Failed to load resource: net::ERR_CONNECTION_REFUSED @ http://localhost:8000/api/documents:0
[  106689ms] [ERROR] Failed to load resource: net::ERR_CONNECTION_REFUSED @ http://localhost:8000/api/stats/overview?time_range=today:0
[  106689ms] [ERROR] Failed to load resource: net::ERR_CONNECTION_REFUSED @ http://localhost:8000/api/stats/activities?limit=10:0
[  106950ms] [ERROR] Failed to load resource: net::ERR_CONNECTION_REFUSED @ http://localhost:8000/api/notifications:0
[  114059ms] [ERROR] Failed to load resource: net::ERR_CONNECTION_REFUSED @ http://localhost:8000/api/stats/channels?time_range=today:0
[  119063ms] [ERROR] Failed to load resource: net::ERR_CONNECTION_REFUSED @ http://localhost:8000/api/stats/ethnics:0
[  120471ms] [ERROR] Failed to load resource: net::ERR_EMPTY_RESPONSE @ http://localhost:8000/api/stats/activities?limit=10:0
[  121702ms] [ERROR] Failed to load resource: net::ERR_EMPTY_RESPONSE @ http://localhost:8000/api/documents:0
[  121961ms] [ERROR] Failed to load resource: net::ERR_EMPTY_RESPONSE @ http://localhost:8000/api/notifications:0
[  123060ms] [ERROR] Failed to load resource: net::ERR_EMPTY_RESPONSE @ http://localhost:8000/api/communes:0
[  126708ms] [ERROR] Failed to load resource: net::ERR_EMPTY_RESPONSE @ http://localhost:8000/api/stats/overview?time_range=today:0
[  126709ms] [ERROR] Failed to load resource: net::ERR_EMPTY_RESPONSE @ http://localhost:8000/api/communes:0
[  126967ms] [ERROR] Failed to load resource: net::ERR_EMPTY_RESPONSE @ http://localhost:8000/api/predictions/latest:0
[  134042ms] [ERROR] Failed to load resource: net::ERR_CONNECTION_REFUSED @ http://localhost:8000/api/stats/activities?limit=10:0
[  134304ms] [ERROR] Failed to load resource: net::ERR_CONNECTION_REFUSED @ http://localhost:8000/api/stats/overview?time_range=today:0
[  141424ms] [ERROR] Failed to load resource: net::ERR_CONNECTION_REFUSED @ http://localhost:8000/api/stats/ethnics:0
[  146410ms] [ERROR] Failed to load resource: net::ERR_CONNECTION_REFUSED @ http://localhost:8000/api/stats/channels?time_range=today:0
[  149056ms] [ERROR] Failed to load resource: net::ERR_CONNECTION_REFUSED @ http://localhost:8000/api/documents:0
[  149319ms] [ERROR] Failed to load resource: net::ERR_CONNECTION_REFUSED @ http://localhost:8000/api/notifications:0
[  159072ms] [ERROR] Failed to load resource: net::ERR_CONNECTION_REFUSED @ http://localhost:8000/api/communes:0
[  164335ms] [ERROR] Failed to load resource: net::ERR_CONNECTION_REFUSED @ http://localhost:8000/api/predictions/latest:0
[  164594ms] [ERROR] Failed to load resource: net::ERR_CONNECTION_REFUSED @ http://localhost:8000/api/stats/activities?limit=10:0
[  174068ms] [ERROR] Failed to load resource: net::ERR_CONNECTION_REFUSED @ http://localhost:8000/api/stats/overview?time_range=today:0
[  186692ms] [ERROR] Failed to load resource: net::ERR_EMPTY_RESPONSE @ http://localhost:8000/api/stats/channels?time_range=today:0
[  203774ms] [ERROR] Failed to load resource: net::ERR_CONNECTION_REFUSED @ http://localhost:8000/api/stats/ethnics:0
[  206428ms] [ERROR] Failed to load resource: net::ERR_CONNECTION_REFUSED @ http://localhost:8000/api/communes:0
[  221671ms] [ERROR] Failed to load resource: net::ERR_CONNECTION_REFUSED @ http://localhost:8000/api/notifications:0
[  221934ms] [ERROR] Failed to load resource: net::ERR_CONNECTION_REFUSED @ http://localhost:8000/api/stats/activities?limit=10:0
[  227838ms] [ERROR] Failed to load resource: net::ERR_CONNECTION_REFUSED @ http://localhost:8000/api/stats/activities?limit=10:0
[  231691ms] [ERROR] Failed to load resource: net::ERR_CONNECTION_REFUSED @ http://localhost:8000/api/predictions/latest:0
[  251415ms] [ERROR] Failed to load resource: net::ERR_CONNECTION_REFUSED @ http://localhost:8000/api/documents:0
[  254078ms] [ERROR] Failed to load resource: net::ERR_EMPTY_RESPONSE @ http://localhost:8000/api/stats/overview?time_range=today:0
